Flow report for QamCarrier
Wed Jun 17 16:57:23 2020
Quartus Prime Version 16.0.0 Build 211 04/27/2016 SJ Standard Edition


---------------------
; Table of Contents ;
---------------------
  1. Legal Notice
  2. Flow Summary
  3. Flow Settings
  4. Flow Non-Default Global Settings
  5. Flow Elapsed Time
  6. Flow OS Summary
  7. Flow Log
  8. Flow Messages
  9. Flow Suppressed Messages



----------------
; Legal Notice ;
----------------
Copyright (C) 1991-2016 Altera Corporation. All rights reserved.
Your use of Altera Corporation's design tools, logic functions 
and other software and tools, and its AMPP partner logic 
functions, and any output files from any of the foregoing 
(including device programming or simulation files), and any 
associated documentation or information are expressly subject 
to the terms and conditions of the Altera Program License 
Subscription Agreement, the Altera Quartus Prime License Agreement,
the Altera MegaCore Function License Agreement, or other 
applicable license agreement, including, without limitation, 
that your use is for the sole purpose of programming logic 
devices manufactured by Altera and sold by Altera or its 
authorized distributors.  Please refer to the applicable 
agreement for further details.



+--------------------------------------------------------------------------------------+
; Flow Summary                                                                         ;
+------------------------------------+-------------------------------------------------+
; Flow Status                        ; Successful - Wed Jun 17 16:57:23 2020           ;
; Quartus Prime Version              ; 16.0.0 Build 211 04/27/2016 SJ Standard Edition ;
; Revision Name                      ; QamCarrier                                      ;
; Top-level Entity Name              ; BoardTst                                        ;
; Family                             ; Cyclone IV E                                    ;
; Device                             ; EP4CE115F29C7                                   ;
; Timing Models                      ; Final                                           ;
; Total logic elements               ; 7,651 / 114,480 ( 7 % )                         ;
;     Total combinational functions  ; 5,770 / 114,480 ( 5 % )                         ;
;     Dedicated logic registers      ; 6,663 / 114,480 ( 6 % )                         ;
; Total registers                    ; 6663                                            ;
; Total pins                         ; 56 / 529 ( 11 % )                               ;
; Total virtual pins                 ; 0                                               ;
; Total memory bits                  ; 919,898 / 3,981,312 ( 23 % )                    ;
; Embedded Multiplier 9-bit elements ; 14 / 532 ( 3 % )                                ;
; Total PLLs                         ; 1 / 4 ( 25 % )                                  ;
+------------------------------------+-------------------------------------------------+


+-----------------------------------------+
; Flow Settings                           ;
+-------------------+---------------------+
; Option            ; Setting             ;
+-------------------+---------------------+
; Start date & time ; 06/17/2020 16:53:58 ;
; Main task         ; Compilation         ;
; Revision Name     ; QamCarrier          ;
+-------------------+---------------------+


+------------------------------------------------------------------------------------------------------------------------------------------------------------------------------------------------------------------------------+
; Flow Non-Default Global Settings                                                                                                                                                                                             ;
+--------------------------------------+--------------------------------------------------------------------------------------------------------------------------------------+---------------+-------------+------------------+
; Assignment Name                      ; Value                                                                                                                                ; Default Value ; Entity Name ; Section Id       ;
+--------------------------------------+--------------------------------------------------------------------------------------------------------------------------------------+---------------+-------------+------------------+
; COMPILER_SIGNATURE_ID                ; 246928001468445.159238403820396                                                                                                      ; --            ; --          ; --               ;
; EDA_DESIGN_INSTANCE_NAME             ; NA                                                                                                                                   ; --            ; --          ; tb_BoardTst      ;
; EDA_DESIGN_INSTANCE_NAME             ;   i1                                                                                                                                 ; --            ; --          ; --               ;
; EDA_NATIVELINK_SIMULATION_TEST_BENCH ; tb_BoardTst                                                                                                                          ; --            ; --          ; eda_simulation   ;
; EDA_OUTPUT_DATA_FORMAT               ; Verilog Hdl                                                                                                                          ; --            ; --          ; eda_simulation   ;
; EDA_SIMULATION_TOOL                  ; ModelSim-Altera (Verilog)                                                                                                            ; <None>        ; --          ; --               ;
; EDA_TEST_BENCH_ENABLE_STATUS         ; TEST_BENCH_MODE                                                                                                                      ; --            ; --          ; eda_simulation   ;
; EDA_TEST_BENCH_FILE                  ; simulation/modelsim/tb_BoardTst.v                                                                                                    ; --            ; --          ; tb_BoardTst      ;
; EDA_TEST_BENCH_FILE                  ; simulation/modelsim/QamCarrier.vt                                                                                                    ; --            ; --          ; --               ;
; EDA_TEST_BENCH_MODULE_NAME           ; tb_BoardTst                                                                                                                          ; --            ; --          ; tb_BoardTst      ;
; EDA_TEST_BENCH_MODULE_NAME           ; QamCarrier_vlg_tst                                                                                                                   ; --            ; --          ; --               ;
; EDA_TEST_BENCH_NAME                  ; QamCarrier                                                                                                                           ; --            ; --          ; eda_simulation   ;
; EDA_TEST_BENCH_NAME                  ; tb_BoardTst                                                                                                                          ; --            ; --          ; eda_simulation   ;
; EDA_TIME_SCALE                       ; 1 ps                                                                                                                                 ; --            ; --          ; eda_simulation   ;
; ENABLE_SIGNALTAP                     ; On                                                                                                                                   ; --            ; --          ; --               ;
; MAX_CORE_JUNCTION_TEMP               ; 85                                                                                                                                   ; --            ; --          ; --               ;
; MIN_CORE_JUNCTION_TEMP               ; 0                                                                                                                                    ; --            ; --          ; --               ;
; MISC_FILE                            ; nco-library/auk_dspip_avalon_streaming_block_sink.vhd                                                                                ; --            ; --          ; --               ;
; MISC_FILE                            ; nco-library/auk_dspip_avalon_streaming_block_sink_fftfprvs.vhd                                                                       ; --            ; --          ; --               ;
; MISC_FILE                            ; nco-library/auk_dspip_avalon_streaming_block_source.vhd                                                                              ; --            ; --          ; --               ;
; MISC_FILE                            ; nco-library/auk_dspip_avalon_streaming_controller.vhd                                                                                ; --            ; --          ; --               ;
; MISC_FILE                            ; nco-library/auk_dspip_avalon_streaming_controller_pe.vhd                                                                             ; --            ; --          ; --               ;
; MISC_FILE                            ; nco-library/auk_dspip_avalon_streaming_sink.vhd                                                                                      ; --            ; --          ; --               ;
; MISC_FILE                            ; nco-library/auk_dspip_avalon_streaming_source.vhd                                                                                    ; --            ; --          ; --               ;
; MISC_FILE                            ; nco-library/auk_dspip_delay.vhd                                                                                                      ; --            ; --          ; --               ;
; MISC_FILE                            ; nco-library/auk_dspip_lib_pkg.vhd                                                                                                    ; --            ; --          ; --               ;
; MISC_FILE                            ; nco-library/auk_dspip_math_pkg.vhd                                                                                                   ; --            ; --          ; --               ;
; MISC_FILE                            ; nco-library/auk_dspip_text_pkg.vhd                                                                                                   ; --            ; --          ; --               ;
; MISC_FILE                            ; nco-library/asj_altq.v                                                                                                               ; --            ; --          ; --               ;
; MISC_FILE                            ; nco-library/asj_altqmcash.v                                                                                                          ; --            ; --          ; --               ;
; MISC_FILE                            ; nco-library/asj_altqmcpipe.v                                                                                                         ; --            ; --          ; --               ;
; MISC_FILE                            ; nco-library/asj_altqmcpipe_rst.v                                                                                                     ; --            ; --          ; --               ;
; MISC_FILE                            ; nco-library/asj_crd.v                                                                                                                ; --            ; --          ; --               ;
; MISC_FILE                            ; nco-library/asj_crs.v                                                                                                                ; --            ; --          ; --               ;
; MISC_FILE                            ; nco-library/asj_dxx.v                                                                                                                ; --            ; --          ; --               ;
; MISC_FILE                            ; nco-library/asj_dxx_g.v                                                                                                              ; --            ; --          ; --               ;
; MISC_FILE                            ; nco-library/asj_gal.v                                                                                                                ; --            ; --          ; --               ;
; MISC_FILE                            ; nco-library/asj_gam.v                                                                                                                ; --            ; --          ; --               ;
; MISC_FILE                            ; nco-library/asj_gam_dp.v                                                                                                             ; --            ; --          ; --               ;
; MISC_FILE                            ; nco-library/asj_gar.v                                                                                                                ; --            ; --          ; --               ;
; MISC_FILE                            ; nco-library/asj_nco_aprid_dxx.v                                                                                                      ; --            ; --          ; --               ;
; MISC_FILE                            ; nco-library/asj_nco_apr_dxx.v                                                                                                        ; --            ; --          ; --               ;
; MISC_FILE                            ; nco-library/asj_nco_as_m.v                                                                                                           ; --            ; --          ; --               ;
; MISC_FILE                            ; nco-library/asj_nco_as_m_cen.v                                                                                                       ; --            ; --          ; --               ;
; MISC_FILE                            ; nco-library/asj_nco_as_m_dp.v                                                                                                        ; --            ; --          ; --               ;
; MISC_FILE                            ; nco-library/asj_nco_as_m_dp_cen.v                                                                                                    ; --            ; --          ; --               ;
; MISC_FILE                            ; nco-library/asj_nco_d1gam.v                                                                                                          ; --            ; --          ; --               ;
; MISC_FILE                            ; nco-library/asj_nco_derot.v                                                                                                          ; --            ; --          ; --               ;
; MISC_FILE                            ; nco-library/asj_nco_fxx.v                                                                                                            ; --            ; --          ; --               ;
; MISC_FILE                            ; nco-library/asj_nco_isdr.v                                                                                                           ; --            ; --          ; --               ;
; MISC_FILE                            ; nco-library/asj_nco_isdr_mc.v                                                                                                        ; --            ; --          ; --               ;
; MISC_FILE                            ; nco-library/asj_nco_isdr_throughput2.v                                                                                               ; --            ; --          ; --               ;
; MISC_FILE                            ; nco-library/asj_nco_lp_m.v                                                                                                           ; --            ; --          ; --               ;
; MISC_FILE                            ; nco-library/asj_nco_m.v                                                                                                              ; --            ; --          ; --               ;
; MISC_FILE                            ; nco-library/asj_nco_madx.v                                                                                                           ; --            ; --          ; --               ;
; MISC_FILE                            ; nco-library/asj_nco_madx_cen.v                                                                                                       ; --            ; --          ; --               ;
; MISC_FILE                            ; nco-library/asj_nco_mady.v                                                                                                           ; --            ; --          ; --               ;
; MISC_FILE                            ; nco-library/asj_nco_mady_cen.v                                                                                                       ; --            ; --          ; --               ;
; MISC_FILE                            ; nco-library/asj_nco_mcin.v                                                                                                           ; --            ; --          ; --               ;
; MISC_FILE                            ; nco-library/asj_nco_mciosel.v                                                                                                        ; --            ; --          ; --               ;
; MISC_FILE                            ; nco-library/asj_nco_mcout.v                                                                                                          ; --            ; --          ; --               ;
; MISC_FILE                            ; nco-library/asj_nco_mob_rw.v                                                                                                         ; --            ; --          ; --               ;
; MISC_FILE                            ; nco-library/asj_nco_mob_sw.v                                                                                                         ; --            ; --          ; --               ;
; MISC_FILE                            ; nco-library/asj_nco_mob_w.v                                                                                                          ; --            ; --          ; --               ;
; MISC_FILE                            ; nco-library/asj_nco_pmd2.v                                                                                                           ; --            ; --          ; --               ;
; MISC_FILE                            ; nco-library/asj_nco_pmd2gam.v                                                                                                        ; --            ; --          ; --               ;
; MISC_FILE                            ; nco-library/asj_nco_pxx.v                                                                                                            ; --            ; --          ; --               ;
; MISC_FILE                            ; nco-library/asj_xnqg.v                                                                                                               ; --            ; --          ; --               ;
; MISC_FILE                            ; nco-library/cordic_10_m.v                                                                                                            ; --            ; --          ; --               ;
; MISC_FILE                            ; nco-library/cordic_11_m.v                                                                                                            ; --            ; --          ; --               ;
; MISC_FILE                            ; nco-library/cordic_12_m.v                                                                                                            ; --            ; --          ; --               ;
; MISC_FILE                            ; nco-library/cordic_13_m.v                                                                                                            ; --            ; --          ; --               ;
; MISC_FILE                            ; nco-library/cordic_14_m.v                                                                                                            ; --            ; --          ; --               ;
; MISC_FILE                            ; nco-library/cordic_15_m.v                                                                                                            ; --            ; --          ; --               ;
; MISC_FILE                            ; nco-library/cordic_16_m.v                                                                                                            ; --            ; --          ; --               ;
; MISC_FILE                            ; nco-library/cordic_17_m.v                                                                                                            ; --            ; --          ; --               ;
; MISC_FILE                            ; nco-library/cordic_18_m.v                                                                                                            ; --            ; --          ; --               ;
; MISC_FILE                            ; nco-library/cordic_19_m.v                                                                                                            ; --            ; --          ; --               ;
; MISC_FILE                            ; nco-library/cordic_20_m.v                                                                                                            ; --            ; --          ; --               ;
; MISC_FILE                            ; nco-library/cordic_21_m.v                                                                                                            ; --            ; --          ; --               ;
; MISC_FILE                            ; nco-library/cordic_22_m.v                                                                                                            ; --            ; --          ; --               ;
; MISC_FILE                            ; nco-library/cordic_23_m.v                                                                                                            ; --            ; --          ; --               ;
; MISC_FILE                            ; nco-library/cordic_24_m.v                                                                                                            ; --            ; --          ; --               ;
; MISC_FILE                            ; nco-library/cordic_25_m.v                                                                                                            ; --            ; --          ; --               ;
; MISC_FILE                            ; nco-library/cordic_26_m.v                                                                                                            ; --            ; --          ; --               ;
; MISC_FILE                            ; nco-library/cordic_27_m.v                                                                                                            ; --            ; --          ; --               ;
; MISC_FILE                            ; nco-library/cordic_28_m.v                                                                                                            ; --            ; --          ; --               ;
; MISC_FILE                            ; nco-library/cordic_29_m.v                                                                                                            ; --            ; --          ; --               ;
; MISC_FILE                            ; nco-library/cordic_30_m.v                                                                                                            ; --            ; --          ; --               ;
; MISC_FILE                            ; nco-library/cordic_31_m.v                                                                                                            ; --            ; --          ; --               ;
; MISC_FILE                            ; nco-library/cordic_32_m.v                                                                                                            ; --            ; --          ; --               ;
; MISC_FILE                            ; nco-library/cordic_3_m.v                                                                                                             ; --            ; --          ; --               ;
; MISC_FILE                            ; nco-library/cordic_4_m.v                                                                                                             ; --            ; --          ; --               ;
; MISC_FILE                            ; nco-library/cordic_5_m.v                                                                                                             ; --            ; --          ; --               ;
; MISC_FILE                            ; nco-library/cordic_6_m.v                                                                                                             ; --            ; --          ; --               ;
; MISC_FILE                            ; nco-library/cordic_7_m.v                                                                                                             ; --            ; --          ; --               ;
; MISC_FILE                            ; nco-library/cordic_8_m.v                                                                                                             ; --            ; --          ; --               ;
; MISC_FILE                            ; nco-library/cordic_9_m.v                                                                                                             ; --            ; --          ; --               ;
; MISC_FILE                            ; nco-library/cordic_axor_0p_lpm.v                                                                                                     ; --            ; --          ; --               ;
; MISC_FILE                            ; nco-library/cordic_axor_1p_lpm.v                                                                                                     ; --            ; --          ; --               ;
; MISC_FILE                            ; nco-library/cordic_axor_2p_lpm.v                                                                                                     ; --            ; --          ; --               ;
; MISC_FILE                            ; nco-library/cordic_axor_ser.v                                                                                                        ; --            ; --          ; --               ;
; MISC_FILE                            ; nco-library/cordic_cnt.v                                                                                                             ; --            ; --          ; --               ;
; MISC_FILE                            ; nco-library/cordic_cnt_sig.v                                                                                                         ; --            ; --          ; --               ;
; MISC_FILE                            ; nco-library/cordic_reg_ser.v                                                                                                         ; --            ; --          ; --               ;
; MISC_FILE                            ; nco-library/cordic_sxor_0p_lpm.v                                                                                                     ; --            ; --          ; --               ;
; MISC_FILE                            ; nco-library/cordic_sxor_1p_lpm.v                                                                                                     ; --            ; --          ; --               ;
; MISC_FILE                            ; nco-library/cordic_sxor_2p_lpm.v                                                                                                     ; --            ; --          ; --               ;
; MISC_FILE                            ; nco-library/cordic_sxor_ser.v                                                                                                        ; --            ; --          ; --               ;
; MISC_FILE                            ; nco-library/cordic_zxor_0p_lpm.v                                                                                                     ; --            ; --          ; --               ;
; MISC_FILE                            ; nco-library/cordic_zxor_1p_lpm.v                                                                                                     ; --            ; --          ; --               ;
; MISC_FILE                            ; nco-library/cordic_zxor_2p_lpm.v                                                                                                     ; --            ; --          ; --               ;
; MISC_FILE                            ; nco-library/cordic_zxor_ser.v                                                                                                        ; --            ; --          ; --               ;
; MISC_FILE                            ; nco-library/cord_2c.v                                                                                                                ; --            ; --          ; --               ;
; MISC_FILE                            ; nco-library/cord_acc_ena.v                                                                                                           ; --            ; --          ; --               ;
; MISC_FILE                            ; nco-library/cord_en.v                                                                                                                ; --            ; --          ; --               ;
; MISC_FILE                            ; nco-library/cord_fs.v                                                                                                                ; --            ; --          ; --               ;
; MISC_FILE                            ; nco-library/cord_init.v                                                                                                              ; --            ; --          ; --               ;
; MISC_FILE                            ; nco-library/cord_init_pm.v                                                                                                           ; --            ; --          ; --               ;
; MISC_FILE                            ; nco-library/cord_init_ser.v                                                                                                          ; --            ; --          ; --               ;
; MISC_FILE                            ; nco-library/cord_init_ser_pm.v                                                                                                       ; --            ; --          ; --               ;
; MISC_FILE                            ; nco-library/cord_lut.v                                                                                                               ; --            ; --          ; --               ;
; MISC_FILE                            ; nco-library/cord_lut_1p.v                                                                                                            ; --            ; --          ; --               ;
; MISC_FILE                            ; nco-library/cord_rot_dual.v                                                                                                          ; --            ; --          ; --               ;
; MISC_FILE                            ; nco-library/cord_rot_sgl.v                                                                                                           ; --            ; --          ; --               ;
; MISC_FILE                            ; nco-library/cord_seg_sel.v                                                                                                           ; --            ; --          ; --               ;
; MISC_FILE                            ; nco-library/dop_reg.v                                                                                                                ; --            ; --          ; --               ;
; MISC_FILE                            ; nco-library/freq_sel_st.v                                                                                                            ; --            ; --          ; --               ;
; MISC_FILE                            ; nco-library/las.v                                                                                                                    ; --            ; --          ; --               ;
; MISC_FILE                            ; nco-library/lms.v                                                                                                                    ; --            ; --          ; --               ;
; MISC_FILE                            ; nco-library/lmsd.v                                                                                                                   ; --            ; --          ; --               ;
; MISC_FILE                            ; nco-library/mac_i_lpm.v                                                                                                              ; --            ; --          ; --               ;
; MISC_FILE                            ; nco-library/mac_i_lpmd.v                                                                                                             ; --            ; --          ; --               ;
; MISC_FILE                            ; nco-library/m_output_blk_reg.v                                                                                                       ; --            ; --          ; --               ;
; MISC_FILE                            ; nco-library/m_output_blk_rw.v                                                                                                        ; --            ; --          ; --               ;
; MISC_FILE                            ; nco-library/m_output_blk_w.v                                                                                                         ; --            ; --          ; --               ;
; MISC_FILE                            ; nco-library/segment_arr_tdl.v                                                                                                        ; --            ; --          ; --               ;
; MISC_FILE                            ; nco-library/segment_sel.v                                                                                                            ; --            ; --          ; --               ;
; MISC_FILE                            ; nco-library/segment_sel_sgl.v                                                                                                        ; --            ; --          ; --               ;
; MISC_FILE                            ; nco-library/sid_2c_1p.v                                                                                                              ; --            ; --          ; --               ;
; MISC_FILE                            ; nco-library/sop_reg.v                                                                                                                ; --            ; --          ; --               ;
; MISC_FILE                            ; nco.v                                                                                                                                ; --            ; --          ; --               ;
; MISC_FILE                            ; nco_bb.v                                                                                                                             ; --            ; --          ; --               ;
; MISC_FILE                            ; nco.bsf                                                                                                                              ; --            ; --          ; --               ;
; MISC_FILE                            ; nco.vo                                                                                                                               ; --            ; --          ; --               ;
; MISC_FILE                            ; nco_st.v                                                                                                                             ; --            ; --          ; --               ;
; MISC_FILE                            ; nco_tb.v                                                                                                                             ; --            ; --          ; --               ;
; MISC_FILE                            ; nco_vo_msim.tcl                                                                                                                      ; --            ; --          ; --               ;
; MISC_FILE                            ; nco_wave.do                                                                                                                          ; --            ; --          ; --               ;
; MISC_FILE                            ; nco_model.m                                                                                                                          ; --            ; --          ; --               ;
; MISC_FILE                            ; nco_tb.m                                                                                                                             ; --            ; --          ; --               ;
; MISC_FILE                            ; nco_sin.hex                                                                                                                          ; --            ; --          ; --               ;
; MISC_FILE                            ; nco_cos.hex                                                                                                                          ; --            ; --          ; --               ;
; MISC_FILE                            ; nco.vec                                                                                                                              ; --            ; --          ; --               ;
; MISC_FILE                            ; nco_nativelink.tcl                                                                                                                   ; --            ; --          ; --               ;
; MISC_FILE                            ; nco.qip                                                                                                                              ; --            ; --          ; --               ;
; MISC_FILE                            ; nco.html                                                                                                                             ; --            ; --          ; --               ;
; MISC_FILE                            ; mult8_8_bb.v                                                                                                                         ; --            ; --          ; --               ;
; MISC_FILE                            ; mult18_16_bb.v                                                                                                                       ; --            ; --          ; --               ;
; MISC_FILE                            ; pll_bb.v                                                                                                                             ; --            ; --          ; --               ;
; MISC_FILE                            ; pll.ppf                                                                                                                              ; --            ; --          ; --               ;
; MISC_FILE                            ; fir.cmp                                                                                                                              ; --            ; --          ; --               ;
; MISC_FILE                            ; fir_sim/dspba_library_package.vhd                                                                                                    ; --            ; --          ; --               ;
; MISC_FILE                            ; fir_sim/dspba_library.vhd                                                                                                            ; --            ; --          ; --               ;
; MISC_FILE                            ; fir_sim/auk_dspip_math_pkg_hpfir.vhd                                                                                                 ; --            ; --          ; --               ;
; MISC_FILE                            ; fir_sim/auk_dspip_lib_pkg_hpfir.vhd                                                                                                  ; --            ; --          ; --               ;
; MISC_FILE                            ; fir_sim/auk_dspip_avalon_streaming_controller_hpfir.vhd                                                                              ; --            ; --          ; --               ;
; MISC_FILE                            ; fir_sim/auk_dspip_avalon_streaming_sink_hpfir.vhd                                                                                    ; --            ; --          ; --               ;
; MISC_FILE                            ; fir_sim/auk_dspip_avalon_streaming_source_hpfir.vhd                                                                                  ; --            ; --          ; --               ;
; MISC_FILE                            ; fir_sim/auk_dspip_roundsat_hpfir.vhd                                                                                                 ; --            ; --          ; --               ;
; MISC_FILE                            ; fir_sim/altera_avalon_sc_fifo.v                                                                                                      ; --            ; --          ; --               ;
; MISC_FILE                            ; fir_sim/fir_rtl_core.vhd                                                                                                             ; --            ; --          ; --               ;
; MISC_FILE                            ; fir_sim/fir_ast.vhd                                                                                                                  ; --            ; --          ; --               ;
; MISC_FILE                            ; fir_sim/fir.vhd                                                                                                                      ; --            ; --          ; --               ;
; MISC_FILE                            ; fir_sim/fir_nativelink.tcl                                                                                                           ; --            ; --          ; --               ;
; MISC_FILE                            ; fir_sim/fir_msim.tcl                                                                                                                 ; --            ; --          ; --               ;
; MISC_FILE                            ; fir_sim/fir_tb.vhd                                                                                                                   ; --            ; --          ; --               ;
; MISC_FILE                            ; fir_sim/fir_mlab.m                                                                                                                   ; --            ; --          ; --               ;
; MISC_FILE                            ; fir_sim/fir_model.m                                                                                                                  ; --            ; --          ; --               ;
; MISC_FILE                            ; fir_sim/fir_coef_int.txt                                                                                                             ; --            ; --          ; --               ;
; MISC_FILE                            ; fir_sim/fir_input.txt                                                                                                                ; --            ; --          ; --               ;
; MISC_FILE                            ; fir_sim/fir_param.txt                                                                                                                ; --            ; --          ; --               ;
; OUTPUT_IO_TIMING_FAR_END_VMEAS       ; Half Signal Swing                                                                                                                    ; --            ; --          ; --               ;
; OUTPUT_IO_TIMING_FAR_END_VMEAS       ; Half Signal Swing                                                                                                                    ; --            ; --          ; --               ;
; OUTPUT_IO_TIMING_NEAR_END_VMEAS      ; Half Vccio                                                                                                                           ; --            ; --          ; --               ;
; OUTPUT_IO_TIMING_NEAR_END_VMEAS      ; Half Vccio                                                                                                                           ; --            ; --          ; --               ;
; PARTITION_COLOR                      ; 16764057                                                                                                                             ; --            ; BoardTst    ; Top              ;
; PARTITION_FITTER_PRESERVATION_LEVEL  ; PLACEMENT_AND_ROUTING                                                                                                                ; --            ; BoardTst    ; Top              ;
; PARTITION_NETLIST_TYPE               ; SOURCE                                                                                                                               ; --            ; BoardTst    ; Top              ;
; POWER_BOARD_THERMAL_MODEL            ; None (CONSERVATIVE)                                                                                                                  ; --            ; --          ; --               ;
; POWER_PRESET_COOLING_SOLUTION        ; 23 MM HEAT SINK WITH 200 LFPM AIRFLOW                                                                                                ; --            ; --          ; --               ;
; PROJECT_OUTPUT_DIRECTORY             ; output_files                                                                                                                         ; --            ; --          ; --               ;
; SEARCH_PATH                          ; .                                                                                                                                    ; --            ; --          ; --               ;
; SEARCH_PATH                          ; nco-library                                                                                                                          ; --            ; --          ; --               ;
; SLD_FILE                             ; db/stp1_auto_stripped.stp                                                                                                            ; --            ; --          ; --               ;
; SLD_NODE_CREATOR_ID                  ; 110                                                                                                                                  ; --            ; --          ; auto_signaltap_0 ;
; SLD_NODE_ENTITY_NAME                 ; sld_signaltap                                                                                                                        ; --            ; --          ; auto_signaltap_0 ;
; SLD_NODE_PARAMETER_ASSIGNMENT        ; SLD_RAM_BLOCK_TYPE=AUTO                                                                                                              ; --            ; --          ; auto_signaltap_0 ;
; SLD_NODE_PARAMETER_ASSIGNMENT        ; SLD_NODE_INFO=805334528                                                                                                              ; --            ; --          ; auto_signaltap_0 ;
; SLD_NODE_PARAMETER_ASSIGNMENT        ; SLD_POWER_UP_TRIGGER=0                                                                                                               ; --            ; --          ; auto_signaltap_0 ;
; SLD_NODE_PARAMETER_ASSIGNMENT        ; SLD_STORAGE_QUALIFIER_INVERSION_MASK_LENGTH=0                                                                                        ; --            ; --          ; auto_signaltap_0 ;
; SLD_NODE_PARAMETER_ASSIGNMENT        ; SLD_SEGMENT_SIZE=32768                                                                                                               ; --            ; --          ; auto_signaltap_0 ;
; SLD_NODE_PARAMETER_ASSIGNMENT        ; SLD_ATTRIBUTE_MEM_MODE=OFF                                                                                                           ; --            ; --          ; auto_signaltap_0 ;
; SLD_NODE_PARAMETER_ASSIGNMENT        ; SLD_STATE_FLOW_USE_GENERATED=0                                                                                                       ; --            ; --          ; auto_signaltap_0 ;
; SLD_NODE_PARAMETER_ASSIGNMENT        ; SLD_STATE_BITS=11                                                                                                                    ; --            ; --          ; auto_signaltap_0 ;
; SLD_NODE_PARAMETER_ASSIGNMENT        ; SLD_BUFFER_FULL_STOP=1                                                                                                               ; --            ; --          ; auto_signaltap_0 ;
; SLD_NODE_PARAMETER_ASSIGNMENT        ; SLD_CURRENT_RESOURCE_WIDTH=1                                                                                                         ; --            ; --          ; auto_signaltap_0 ;
; SLD_NODE_PARAMETER_ASSIGNMENT        ; SLD_INCREMENTAL_ROUTING=1                                                                                                            ; --            ; --          ; auto_signaltap_0 ;
; SLD_NODE_PARAMETER_ASSIGNMENT        ; SLD_TRIGGER_LEVEL=1                                                                                                                  ; --            ; --          ; auto_signaltap_0 ;
; SLD_NODE_PARAMETER_ASSIGNMENT        ; SLD_SAMPLE_DEPTH=32768                                                                                                               ; --            ; --          ; auto_signaltap_0 ;
; SLD_NODE_PARAMETER_ASSIGNMENT        ; SLD_TRIGGER_IN_ENABLED=0                                                                                                             ; --            ; --          ; auto_signaltap_0 ;
; SLD_NODE_PARAMETER_ASSIGNMENT        ; SLD_TRIGGER_PIPELINE=0                                                                                                               ; --            ; --          ; auto_signaltap_0 ;
; SLD_NODE_PARAMETER_ASSIGNMENT        ; SLD_RAM_PIPELINE=0                                                                                                                   ; --            ; --          ; auto_signaltap_0 ;
; SLD_NODE_PARAMETER_ASSIGNMENT        ; SLD_COUNTER_PIPELINE=0                                                                                                               ; --            ; --          ; auto_signaltap_0 ;
; SLD_NODE_PARAMETER_ASSIGNMENT        ; SLD_ADVANCED_TRIGGER_ENTITY=basic,1,                                                                                                 ; --            ; --          ; auto_signaltap_0 ;
; SLD_NODE_PARAMETER_ASSIGNMENT        ; SLD_TRIGGER_LEVEL_PIPELINE=1                                                                                                         ; --            ; --          ; auto_signaltap_0 ;
; SLD_NODE_PARAMETER_ASSIGNMENT        ; SLD_ENABLE_ADVANCED_TRIGGER=0                                                                                                        ; --            ; --          ; auto_signaltap_0 ;
; SLD_NODE_PARAMETER_ASSIGNMENT        ; SLD_DATA_BITS=28                                                                                                                     ; --            ; --          ; auto_signaltap_0 ;
; SLD_NODE_PARAMETER_ASSIGNMENT        ; SLD_TRIGGER_BITS=28                                                                                                                  ; --            ; --          ; auto_signaltap_0 ;
; SLD_NODE_PARAMETER_ASSIGNMENT        ; SLD_STORAGE_QUALIFIER_BITS=28                                                                                                        ; --            ; --          ; auto_signaltap_0 ;
; SLD_NODE_PARAMETER_ASSIGNMENT        ; SLD_INVERSION_MASK=00000000000000000000000000000000000000000000000000000000000000000000000000000000000000000000000000000000000000000 ; --            ; --          ; auto_signaltap_0 ;
; SLD_NODE_PARAMETER_ASSIGNMENT        ; SLD_INVERSION_MASK_LENGTH=113                                                                                                        ; --            ; --          ; auto_signaltap_0 ;
; SPD_FILE                             ; fir.spd                                                                                                                              ; --            ; --          ; --               ;
; SYNTHESIS_ONLY_QIP                   ; On                                                                                                                                   ; --            ; --          ; --               ;
; TOP_LEVEL_ENTITY                     ; BoardTst                                                                                                                             ; QamCarrier    ; --          ; --               ;
; USE_SIGNALTAP_FILE                   ; stp1.stp                                                                                                                             ; --            ; --          ; --               ;
+--------------------------------------+--------------------------------------------------------------------------------------------------------------------------------------+---------------+-------------+------------------+


+-------------------------------------------------------------------------------------------------------------------------------+
; Flow Elapsed Time                                                                                                             ;
+---------------------------+--------------+-------------------------+---------------------+------------------------------------+
; Module Name               ; Elapsed Time ; Average Processors Used ; Peak Virtual Memory ; Total CPU Time (on all processors) ;
+---------------------------+--------------+-------------------------+---------------------+------------------------------------+
; Analysis & Synthesis      ; 00:01:15     ; 1.0                     ; 5133 MB             ; 00:01:46                           ;
; Fitter                    ; 00:01:00     ; 1.0                     ; 5842 MB             ; 00:01:08                           ;
; Assembler                 ; 00:00:08     ; 1.0                     ; 4942 MB             ; 00:00:07                           ;
; TimeQuest Timing Analyzer ; 00:00:16     ; 1.1                     ; 5157 MB             ; 00:00:11                           ;
; EDA Netlist Writer        ; 00:00:22     ; 1.0                     ; 4960 MB             ; 00:00:18                           ;
; Total                     ; 00:03:01     ; --                      ; --                  ; 00:03:30                           ;
+---------------------------+--------------+-------------------------+---------------------+------------------------------------+


+----------------------------------------------------------------------------------------+
; Flow OS Summary                                                                        ;
+---------------------------+------------------+-----------+------------+----------------+
; Module Name               ; Machine Hostname ; OS Name   ; OS Version ; Processor type ;
+---------------------------+------------------+-----------+------------+----------------+
; Analysis & Synthesis      ; RR58SHC1BTKG83M  ; Windows 8 ; 6.2        ; x86_64         ;
; Fitter                    ; RR58SHC1BTKG83M  ; Windows 8 ; 6.2        ; x86_64         ;
; Assembler                 ; RR58SHC1BTKG83M  ; Windows 8 ; 6.2        ; x86_64         ;
; TimeQuest Timing Analyzer ; RR58SHC1BTKG83M  ; Windows 8 ; 6.2        ; x86_64         ;
; EDA Netlist Writer        ; RR58SHC1BTKG83M  ; Windows 8 ; 6.2        ; x86_64         ;
+---------------------------+------------------+-----------+------------+----------------+


------------
; Flow Log ;
------------
quartus_map --read_settings_files=on --write_settings_files=off QamCarrier -c QamCarrier
quartus_fit --read_settings_files=off --write_settings_files=off QamCarrier -c QamCarrier
quartus_asm --read_settings_files=off --write_settings_files=off QamCarrier -c QamCarrier
quartus_sta QamCarrier -c QamCarrier
quartus_eda --read_settings_files=off --write_settings_files=off QamCarrier -c QamCarrier



